exports[`Contact should match snapshot 1`] = `
ShallowWrapper {
  "complexSelector": ComplexSelector {
    "buildPredicate": [Function],
    "childrenOfNode": [Function],
    "findWhereUnwrapped": [Function],
  },
  "length": 1,
  "node": <main
    className="page-template">
    <Connect(Component)
        direction="up"
        label="Portfolio"
        ready={false} />
    <Connect(Filter)
        type="top" />
    <Connect(Filter)
        type="bottom" />
    <header
        className="section-header w-100">
        <PopIn
            onRest={[Function]}>
            <h1
                aria-label="Contact"
                className="section__heading">
                <img
                    alt="About"
                    className="img__heading"
                    src="heading.svg" />
            </h1>
        </PopIn>
    </header>
    <Contact
        ready={false} />
    <div
        className="end-footer">
        Crafted with ❤ by Carlos Frías
    </div>
</main>,
  "nodes": Array [
    <main
      className="page-template">
      <Connect(Component)
            direction="up"
            label="Portfolio"
            ready={false} />
      <Connect(Filter)
            type="top" />
      <Connect(Filter)
            type="bottom" />
      <header
            className="section-header w-100">
            <PopIn
                  onRest={[Function]}>
                  <h1
                        aria-label="Contact"
                        className="section__heading">
                        <img
                              alt="About"
                              className="img__heading"
                              src="heading.svg" />
                  </h1>
            </PopIn>
      </header>
      <Contact
            ready={false} />
      <div
            className="end-footer">
            Crafted with ❤ by Carlos Frías
      </div>
</main>,
  ],
  "options": Object {},
  "renderer": ReactShallowRenderer {
    "_instance": ShallowComponentWrapper {
      "_calledComponentWillUnmount": false,
      "_compositeType": 0,
      "_context": Object {},
      "_currentElement": <PageTemplate />,
      "_debugID": 1,
      "_hostContainerInfo": null,
      "_hostParent": null,
      "_instance": PageTemplate {
        "_reactInternalInstance": [Circular],
        "context": Object {},
        "props": Object {},
        "refs": Object {},
        "state": Object {
          "titleAnimationEnd": false,
        },
        "updater": Object {
          "enqueueCallback": [Function],
          "enqueueCallbackInternal": [Function],
          "enqueueElementInternal": [Function],
          "enqueueForceUpdate": [Function],
          "enqueueReplaceState": [Function],
          "enqueueSetState": [Function],
          "isMounted": [Function],
          "validateCallback": [Function],
        },
      },
      "_mountOrder": 1,
      "_pendingCallbacks": null,
      "_pendingElement": null,
      "_pendingForceUpdate": false,
      "_pendingReplaceState": false,
      "_pendingStateQueue": null,
      "_renderedComponent": NoopInternalComponent {
        "_currentElement": <main
          className="page-template">
          <Connect(Component)
                    direction="up"
                    label="Portfolio"
                    ready={false} />
          <Connect(Filter)
                    type="top" />
          <Connect(Filter)
                    type="bottom" />
          <header
                    className="section-header w-100">
                    <PopIn
                              onRest={[Function]}>
                              <h1
                                        aria-label="Contact"
                                        className="section__heading">
                                        <img
                                                  alt="About"
                                                  className="img__heading"
                                                  src="heading.svg" />
                              </h1>
                    </PopIn>
          </header>
          <Contact
                    ready={false} />
          <div
                    className="end-footer">
                    Crafted with ❤ by Carlos Frías
          </div>
</main>,
        "_debugID": 2,
        "_renderedOutput": <main
          className="page-template">
          <Connect(Component)
                    direction="up"
                    label="Portfolio"
                    ready={false} />
          <Connect(Filter)
                    type="top" />
          <Connect(Filter)
                    type="bottom" />
          <header
                    className="section-header w-100">
                    <PopIn
                              onRest={[Function]}>
                              <h1
                                        aria-label="Contact"
                                        className="section__heading">
                                        <img
                                                  alt="About"
                                                  className="img__heading"
                                                  src="heading.svg" />
                              </h1>
                    </PopIn>
          </header>
          <Contact
                    ready={false} />
          <div
                    className="end-footer">
                    Crafted with ❤ by Carlos Frías
          </div>
</main>,
      },
      "_renderedNodeType": 0,
      "_rootNodeID": 0,
      "_topLevelWrapper": null,
      "_updateBatchNumber": null,
      "_warnedAboutRefsInRender": false,
    },
    "getRenderOutput": [Function],
    "render": [Function],
  },
  "root": [Circular],
  "unrendered": <PageTemplate />,
}
`;
