exports[`Skills should match snapshot 1`] = `
ShallowWrapper {
  "complexSelector": ComplexSelector {
    "buildPredicate": [Function],
    "childrenOfNode": [Function],
    "findWhereUnwrapped": [Function],
  },
  "length": 1,
  "node": <main
    className="page-template transition-animation ">
    <Connect(Component)
        direction="up"
        label="About"
        link="/about"
        ready={false} />
    <header
        className="section-header w-100">
        <PopIn
            onRest={[Function]}>
            <h1
                aria-label="Skills"
                className="section__heading">
                <img
                    alt="About"
                    className="img__heading"
                    src="heading.svg" />
            </h1>
        </PopIn>
    </header>
    <Skills
        ready={false}
        setIsLast={[Function]}
        setNextPage={[Function]}
        setPreviousPage={[Function]} />
    <Connect(Component)
        direction="down"
        label="Portfolio"
        link="/portfolio"
        ready={false} />
</main>,
  "nodes": Array [
    <main
      className="page-template transition-animation ">
      <Connect(Component)
            direction="up"
            label="About"
            link="/about"
            ready={false} />
      <header
            className="section-header w-100">
            <PopIn
                  onRest={[Function]}>
                  <h1
                        aria-label="Skills"
                        className="section__heading">
                        <img
                              alt="About"
                              className="img__heading"
                              src="heading.svg" />
                  </h1>
            </PopIn>
      </header>
      <Skills
            ready={false}
            setIsLast={[Function]}
            setNextPage={[Function]}
            setPreviousPage={[Function]} />
      <Connect(Component)
            direction="down"
            label="Portfolio"
            link="/portfolio"
            ready={false} />
</main>,
  ],
  "options": Object {},
  "renderer": ReactShallowRenderer {
    "_instance": ShallowComponentWrapper {
      "_calledComponentWillUnmount": false,
      "_compositeType": 0,
      "_context": Object {},
      "_currentElement": <PageTemplate
        inTransitionAnimation={false}
        setIsLast={[Function]}
        setNextPage={[Function]}
        setPreviousPage={[Function]} />,
      "_debugID": 1,
      "_hostContainerInfo": null,
      "_hostParent": null,
      "_instance": PageTemplate {
        "_reactInternalInstance": [Circular],
        "context": Object {},
        "props": Object {
          "inTransitionAnimation": false,
          "setIsLast": [Function],
          "setNextPage": [Function],
          "setPreviousPage": [Function],
        },
        "refs": Object {},
        "state": Object {
          "titleAnimationEnd": false,
        },
        "updater": Object {
          "enqueueCallback": [Function],
          "enqueueCallbackInternal": [Function],
          "enqueueElementInternal": [Function],
          "enqueueForceUpdate": [Function],
          "enqueueReplaceState": [Function],
          "enqueueSetState": [Function],
          "isMounted": [Function],
          "validateCallback": [Function],
        },
      },
      "_mountOrder": 1,
      "_pendingCallbacks": null,
      "_pendingElement": null,
      "_pendingForceUpdate": false,
      "_pendingReplaceState": false,
      "_pendingStateQueue": null,
      "_renderedComponent": NoopInternalComponent {
        "_currentElement": <main
          className="page-template transition-animation ">
          <Connect(Component)
                    direction="up"
                    label="About"
                    link="/about"
                    ready={false} />
          <header
                    className="section-header w-100">
                    <PopIn
                              onRest={[Function]}>
                              <h1
                                        aria-label="Skills"
                                        className="section__heading">
                                        <img
                                                  alt="About"
                                                  className="img__heading"
                                                  src="heading.svg" />
                              </h1>
                    </PopIn>
          </header>
          <Skills
                    ready={false}
                    setIsLast={[Function]}
                    setNextPage={[Function]}
                    setPreviousPage={[Function]} />
          <Connect(Component)
                    direction="down"
                    label="Portfolio"
                    link="/portfolio"
                    ready={false} />
</main>,
        "_debugID": 2,
        "_renderedOutput": <main
          className="page-template transition-animation ">
          <Connect(Component)
                    direction="up"
                    label="About"
                    link="/about"
                    ready={false} />
          <header
                    className="section-header w-100">
                    <PopIn
                              onRest={[Function]}>
                              <h1
                                        aria-label="Skills"
                                        className="section__heading">
                                        <img
                                                  alt="About"
                                                  className="img__heading"
                                                  src="heading.svg" />
                              </h1>
                    </PopIn>
          </header>
          <Skills
                    ready={false}
                    setIsLast={[Function]}
                    setNextPage={[Function]}
                    setPreviousPage={[Function]} />
          <Connect(Component)
                    direction="down"
                    label="Portfolio"
                    link="/portfolio"
                    ready={false} />
</main>,
      },
      "_renderedNodeType": 0,
      "_rootNodeID": 0,
      "_topLevelWrapper": null,
      "_updateBatchNumber": null,
      "_warnedAboutRefsInRender": false,
    },
    "getRenderOutput": [Function],
    "render": [Function],
  },
  "root": [Circular],
  "unrendered": <PageTemplate
    inTransitionAnimation={false}
    setIsLast={[Function]}
    setNextPage={[Function]}
    setPreviousPage={[Function]} />,
}
`;
